{
  "commit": "04a14bd16af39c18a2cce80fee6b06ea9f3586b0",
  "domains": 16,
  "counts": {
    "objects": 1383,
    "relations": 1365,
    "unresolved": 830,
    "duplicate_candidates": 70,
    "features": 175,
    "contract_plans": 159,
    "ir_plans": 159
  },
  "edges": 156,
  "cycles": 2,
  "limited": 2,
  "full": 0,
  "ir_ready": 0,
  "audits": 166
}
{
  "status": "ok",
  "canonical_commit": "75814db2398b701e2f14c035ef8d63ca61fdfb26",
  "tool_commit": "04a14bd16af39c18a2cce80fee6b06ea9f3586b0",
  "domains": 16,
  "features": 166,
  "ir_layer_complete_features": 166,
  "all_domains_reach_ir_layer": true,
  "canonical_selection_explicit_features": 0,
  "implementation_ready_asserted_features": 0
}
